error: system issue
normal message
another error occurred
